Grandma ta las!
Grandma ta las!
Grandma ta las!
Grandma ta las!
